
================================================================================
  ⚡ MEME ALPHA HUNTER — SOLANA INTELLIGENCE & PAPER TRADING PLATFORM ⚡
================================================================================
🚀 [SOLANA LIVE PAPER ENGINE] Initializing mode: LIVE
⏱ Target Duration: 5.0 minutes | Interval: 2.0s
💰 Initial Virtual Capital: $100.00 USD (Paper Only)

================================================================================
CYCLE   DISCOVERED  VERIFIED    SWAPS     WHALES    EQUITY      STATUS
================================================================================
2026-09-07 08:47:48 [INFO] [meme_alpha_hunter.live_paper] --- [LIVE REAL SOLANA] Starting Cycle #1 ---
#1      15          15          164       3         $100.00     INVARIANTS_SATISFIED

================================================================================
  ⚡ MEME ALPHA HUNTER — SOLANA INTELLIGENCE & PAPER TRADING PLATFORM ⚡
================================================================================

📊 [VIRTUAL WALLET STATUS]
--------------------------------------------------------------------------------
  Starting Capital:  $100.00 USD
  Current Equity:    $100.00 USD
  Available Cash:    $100.00 USD
  Open Positions:    $0.00 USD (0 active)
  Realized PnL:      $+0.00 USD
  Unrealized PnL:    $+0.00 USD
  Total Fees:        -$0.00 USD
  Total Slippage:    -$0.00 USD
  Max Drawdown:       0.0%
--------------------------------------------------------------------------------

🎯 [TOP OPPORTUNITY RANKINGS]
--------------------------------------------------------------------------------
  SYMBOL     ALPHA    RISK     CONF     EARLY    FINAL    REGIME             DECISION    
  ----------------------------------------------------------------------------
  NVIDOG     64.8     19.0     51.2     92.4     71.0     R1_DORMANT         WATCH       
  NASCAT     59.7     19.0     52.4     77.4     66.6     R1_DORMANT         WATCH       
  Chipmunk   49.6     21.0     41.1     94.1     62.4     R1_DORMANT         REJECT      
  BTC        58.1     23.0     27.8     79.9     61.6     R0_DEAD            WATCH       
  SCAT       61.7     23.0     27.8     68.0     61.4     R0_DEAD            WATCH       
  ICOIN      52.3     21.0     36.0     83.9     61.3     R1_DORMANT         REJECT      
  JETCAT     47.1     19.0     46.0     67.9     58.5     R1_DORMANT         REJECT      
  F14        50.1     21.0     38.0     68.0     58.2     R1_DORMANT         REJECT      
--------------------------------------------------------------------------------

🩺 [SYSTEM HEALTH]
--------------------------------------------------------------------------------
  Overall System Status: [HEALTHY]
  • RPC             : [HEALTHY] - Initialized
  • WEBSOCKET       : [HEALTHY] - Initialized
  • DISCOVERY       : [HEALTHY] - Initialized
  • SECURITY        : [HEALTHY] - Initialized
  • SCORING         : [HEALTHY] - Initialized
  • PAPER_TRADING   : [HEALTHY] - Initialized
  • DATABASE        : [HEALTHY] - Connected
================================================================================


============================================================
FINAL LIVE VALIDATION
============================================================
COMMIT: 0f8f93a
MODE: LIVE
NETWORK_CONNECTED: TRUE
RPC_REQUESTS: 1178
RPC_SUCCESS: 290
RPC_FAILURE: 888
RPC_AVG_LATENCY_MS: 69.08
LIVE_TOKENS: 15
VERIFIED_MINTS: 15
LIVE_SWAPS: 164
VERIFIED_QUOTES: 153
UNKNOWN_QUOTES: 11
QUOTE_QUALITY: 0.9329
TOKENS_WITH_LIVE_LIQUIDITY: 7
TOKENS_WITH_UNKNOWN_LIQUIDITY: 8
TOKENS_WITH_POOL_CREATION_TIME: 15
TOKENS_WITH_UNKNOWN_AGE: 0
EARLY_ALPHA_SCORED: 15
DEEP_ANALYSIS_PRIORITIZED: 0
WATCHLIST: 4
SECURITY_REJECTED: 11
SNIPER_CANDIDATES: 0
PAPER_ENTRIES: 0
PAPER_EXITS: 0
OPEN_POSITIONS: 0
FEES: $0.00
SLIPPAGE: $0.00
REALIZED_PNL: $+0.00
UNREALIZED_PNL: $+0.00
FINAL_EQUITY: $100.00
MAX_DRAWDOWN: 0.0%
ACCOUNTING_DISCREPANCY: $0.000000
PROVENANCE_CHECKS: 179
FORCED_REAL: 0
FORCED_VERIFICATION: 0
SYNTHETIC_ROWS: 0
STATIC_MARKET_DATA: 0
UNKNOWN_TO_NUMERIC_FALLBACKS: 0
FINAL VERDICT: LIVE_DATA_VALIDATED
============================================================
DATA SOURCES USED IN RUN:
  • Solana Mainnet RPC: https://api.mainnet-beta.solana.com, extrnode, ankr, public-rpc
  • DEX Public Endpoints: DEXScreener, Pump.fun Frontend API, Birdeye
  • Replay / Mock / Hardcoded Fallbacks Injected: NONE (0 items)
  • Static Dictionaries Injected: NONE (0 items)
============================================================

✅ Live run complete. All reports and CSV datasets generated in 'reports/'.
