PUMP_SCAN scans=1 candidates=0 open=0 cash=100.00
PUMP_SCAN scans=3 candidates=0 open=0 cash=100.00
PUMP_SCAN scans=6 candidates=0 open=0 cash=100.00
PUMP_SCAN scans=8 candidates=0 open=0 cash=100.00
PUMP_SCAN scans=11 candidates=0 open=0 cash=100.00
PUMP_SCAN scans=13 candidates=0 open=0 cash=100.00
PUMP_SCAN scans=16 candidates=0 open=0 cash=100.00
PUMP_SCAN scans=18 candidates=0 open=0 cash=100.00
PUMP_SCAN scans=21 candidates=0 open=0 cash=100.00
PUMP_SCAN scans=23 candidates=0 open=0 cash=100.00
PUMP_SCAN scans=26 candidates=0 open=0 cash=100.00
PUMP_SCAN scans=28 candidates=0 open=0 cash=100.00
PUMP_SCAN scans=31 candidates=0 open=0 cash=100.00
PUMP_SCAN scans=33 candidates=0 open=0 cash=100.00
PUMP_SCAN scans=36 candidates=0 open=0 cash=100.00
PUMP_SCAN scans=38 candidates=0 open=0 cash=100.00
PUMP_SCAN scans=41 candidates=0 open=0 cash=100.00
PUMP_SCAN scans=43 candidates=0 open=0 cash=100.00
PUMP_SCAN scans=46 candidates=0 open=0 cash=100.00
PUMP_SCAN scans=48 candidates=0 open=0 cash=100.00
PUMP_SCAN scans=51 candidates=0 open=0 cash=100.00
PUMP_SCAN scans=53 candidates=0 open=0 cash=100.00
PUMP_SCAN scans=56 candidates=0 open=0 cash=100.00
PUMP_SCAN scans=58 candidates=0 open=0 cash=100.00
PUMP_SCAN scans=61 candidates=0 open=0 cash=100.00
PUMP_SCAN scans=63 candidates=0 open=0 cash=100.00
PUMP_SCAN scans=66 candidates=0 open=0 cash=100.00
PUMP_SCAN scans=68 candidates=0 open=0 cash=100.00
PUMP_SCAN scans=71 candidates=0 open=0 cash=100.00
PUMP_SCAN scans=73 candidates=0 open=0 cash=100.00
PUMP_SCAN scans=76 candidates=0 open=0 cash=100.00
PUMP_SCAN scans=78 candidates=0 open=0 cash=100.00
PUMP_SCAN scans=81 candidates=0 open=0 cash=100.00
PUMP_SCAN scans=83 candidates=0 open=0 cash=100.00
PUMP_SCAN scans=86 candidates=0 open=0 cash=100.00
PUMP_SCAN scans=88 candidates=0 open=0 cash=100.00
PUMP_SCAN scans=91 candidates=0 open=0 cash=100.00
PUMP_SCAN scans=93 candidates=0 open=0 cash=100.00
PUMP_SCAN scans=96 candidates=0 open=0 cash=100.00
PUMP_SCAN scans=98 candidates=0 open=0 cash=100.00
PUMP_SCAN scans=101 candidates=0 open=0 cash=100.00
PUMP_SCAN scans=103 candidates=0 open=0 cash=100.00
PUMP_SCAN scans=106 candidates=0 open=0 cash=100.00
PUMP_SCAN scans=108 candidates=0 open=0 cash=100.00
PUMP_SCAN scans=111 candidates=0 open=0 cash=100.00
PUMP_SCAN scans=113 candidates=0 open=0 cash=100.00
PUMP_SCAN scans=116 candidates=0 open=0 cash=100.00
PUMP_SCAN scans=118 candidates=0 open=0 cash=100.00
PUMP_SCAN scans=121 candidates=0 open=0 cash=100.00
PUMP_SCAN scans=123 candidates=0 open=0 cash=100.00
PUMP_SCAN scans=126 candidates=0 open=0 cash=100.00
PUMP_SCAN scans=128 candidates=0 open=0 cash=100.00
PUMP_SCAN scans=131 candidates=0 open=0 cash=100.00
PUMP_SCAN scans=133 candidates=0 open=0 cash=100.00
PUMP_SCAN scans=136 candidates=0 open=0 cash=100.00
PUMP_SCAN scans=138 candidates=0 open=0 cash=100.00
PUMP_SCAN scans=141 candidates=0 open=0 cash=100.00
PUMP_SCAN scans=143 candidates=0 open=0 cash=100.00
PUMP_SCAN scans=146 candidates=0 open=0 cash=100.00
PUMP_SCAN scans=148 candidates=0 open=0 cash=100.00
PUMP_SCAN scans=151 candidates=0 open=0 cash=100.00
PUMP_SCAN scans=153 candidates=0 open=0 cash=100.00
PUMP_SCAN scans=156 candidates=0 open=0 cash=100.00
PUMP_SCAN scans=158 candidates=0 open=0 cash=100.00
PUMP_SCAN scans=161 candidates=0 open=0 cash=100.00
PUMP_SCAN scans=163 candidates=0 open=0 cash=100.00
PUMP_SCAN scans=166 candidates=0 open=0 cash=100.00
PUMP_SCAN scans=168 candidates=0 open=0 cash=100.00
PUMP_SCAN scans=171 candidates=0 open=0 cash=100.00
PUMP_SCAN scans=173 candidates=0 open=0 cash=100.00
PUMP_SCAN scans=176 candidates=0 open=0 cash=100.00
PUMP_SCAN scans=178 candidates=0 open=0 cash=100.00
PUMP_SCAN scans=181 candidates=0 open=0 cash=100.00
PUMP_SCAN scans=183 candidates=0 open=0 cash=100.00
PUMP_SCAN scans=186 candidates=0 open=0 cash=100.00
PUMP_SCAN scans=188 candidates=0 open=0 cash=100.00
PUMP_SCAN scans=191 candidates=0 open=0 cash=100.00
PUMP_SCAN scans=193 candidates=0 open=0 cash=100.00
PUMP_SCAN scans=196 candidates=0 open=0 cash=100.00
PUMP_SCAN scans=198 candidates=0 open=0 cash=100.00
PUMP_SCAN scans=201 candidates=0 open=0 cash=100.00
PUMP_SCAN scans=203 candidates=0 open=0 cash=100.00
PUMP_SCAN scans=206 candidates=0 open=0 cash=100.00
PUMP_SCAN scans=208 candidates=0 open=0 cash=100.00
PUMP_SCAN scans=211 candidates=0 open=0 cash=100.00
PUMP_SCAN scans=213 candidates=0 open=0 cash=100.00
PUMP_SCAN scans=216 candidates=0 open=0 cash=100.00
PUMP_SCAN scans=218 candidates=0 open=0 cash=100.00
PUMP_SCAN scans=221 candidates=0 open=0 cash=100.00
PUMP_SCAN scans=223 candidates=0 open=0 cash=100.00
PUMP_SCAN scans=226 candidates=0 open=0 cash=100.00
PUMP_SCAN scans=228 candidates=0 open=0 cash=100.00
PUMP_SCAN scans=231 candidates=0 open=0 cash=100.00
PUMP_SCAN scans=233 candidates=0 open=0 cash=100.00
PUMP_SCAN scans=236 candidates=0 open=0 cash=100.00
PUMP_SCAN scans=238 candidates=0 open=0 cash=100.00
PUMP_SCAN scans=241 candidates=0 open=0 cash=100.00
PUMP_SCAN scans=243 candidates=0 open=0 cash=100.00
PUMP_SCAN scans=246 candidates=0 open=0 cash=100.00
PUMP_SCAN scans=248 candidates=0 open=0 cash=100.00
PUMP_SCAN scans=251 candidates=0 open=0 cash=100.00
PUMP_SCAN scans=253 candidates=0 open=0 cash=100.00
PUMP_SCAN scans=256 candidates=0 open=0 cash=100.00
PUMP_SCAN scans=258 candidates=0 open=0 cash=100.00
PUMP_SCAN scans=261 candidates=0 open=0 cash=100.00
PUMP_SCAN scans=263 candidates=0 open=0 cash=100.00
PUMP_SCAN scans=266 candidates=0 open=0 cash=100.00
PUMP_SCAN scans=268 candidates=0 open=0 cash=100.00
PUMP_SCAN scans=271 candidates=0 open=0 cash=100.00
PUMP_SCAN scans=273 candidates=0 open=0 cash=100.00
PUMP_SCAN scans=276 candidates=0 open=0 cash=100.00
PUMP_SCAN scans=278 candidates=0 open=0 cash=100.00
PUMP_SCAN scans=281 candidates=0 open=0 cash=100.00
PUMP_SCAN scans=283 candidates=0 open=0 cash=100.00
PUMP_SCAN scans=286 candidates=0 open=0 cash=100.00
PUMP_SCAN scans=288 candidates=0 open=0 cash=100.00
PUMP_SCAN scans=291 candidates=0 open=0 cash=100.00
PUMP_SCAN scans=293 candidates=0 open=0 cash=100.00
PUMP_SCAN scans=296 candidates=0 open=0 cash=100.00
PUMP_SCAN scans=298 candidates=0 open=0 cash=100.00
PUMP_SCAN scans=301 candidates=0 open=0 cash=100.00
PUMP_SCAN scans=303 candidates=0 open=0 cash=100.00
PUMP_SCAN scans=306 candidates=0 open=0 cash=100.00
PUMP_SCAN scans=308 candidates=0 open=0 cash=100.00
PUMP_SCAN scans=311 candidates=0 open=0 cash=100.00
PUMP_SCAN scans=313 candidates=0 open=0 cash=100.00
PUMP_SCAN scans=316 candidates=0 open=0 cash=100.00
PUMP_SCAN scans=318 candidates=0 open=0 cash=100.00
PUMP_SCAN scans=321 candidates=0 open=0 cash=100.00
PUMP_SCAN scans=323 candidates=0 open=0 cash=100.00
PUMP_SCAN scans=326 candidates=0 open=0 cash=100.00
PUMP_SCAN scans=328 candidates=0 open=0 cash=100.00
PUMP_SCAN scans=331 candidates=0 open=0 cash=100.00
PUMP_SCAN scans=333 candidates=0 open=0 cash=100.00
PUMP_SCAN scans=336 candidates=0 open=0 cash=100.00
PUMP_SCAN scans=338 candidates=0 open=0 cash=100.00
PUMP_SCAN scans=341 candidates=0 open=0 cash=100.00
PUMP_SCAN scans=343 candidates=0 open=0 cash=100.00
PUMP_SCAN scans=346 candidates=0 open=0 cash=100.00
PUMP_SCAN scans=348 candidates=0 open=0 cash=100.00
PUMP_SCAN scans=351 candidates=0 open=0 cash=100.00
PUMP_SCAN scans=353 candidates=0 open=0 cash=100.00
PUMP_SCAN scans=356 candidates=0 open=0 cash=100.00
PUMP_SCAN scans=358 candidates=0 open=0 cash=100.00
PUMP_SCAN scans=361 candidates=0 open=0 cash=100.00
PUMP_SCAN scans=363 candidates=0 open=0 cash=100.00
PUMP_SCAN scans=366 candidates=0 open=0 cash=100.00
PUMP_SCAN scans=368 candidates=0 open=0 cash=100.00
PUMP_SCAN scans=371 candidates=0 open=0 cash=100.00
PUMP_SCAN scans=373 candidates=0 open=0 cash=100.00
PUMP_SCAN scans=376 candidates=0 open=0 cash=100.00
PUMP_SCAN scans=378 candidates=0 open=0 cash=100.00
PUMP_SCAN scans=381 candidates=0 open=0 cash=100.00
PUMP_SCAN scans=383 candidates=0 open=0 cash=100.00
PUMP_SCAN scans=386 candidates=0 open=0 cash=100.00
PUMP_SCAN scans=388 candidates=0 open=0 cash=100.00
PUMP_SCAN scans=391 candidates=0 open=0 cash=100.00
PUMP_SCAN scans=393 candidates=0 open=0 cash=100.00
PUMP_SCAN scans=396 candidates=0 open=0 cash=100.00
PUMP_SCAN scans=398 candidates=0 open=0 cash=100.00
PUMP_SCAN scans=401 candidates=0 open=0 cash=100.00
PUMP_SCAN scans=403 candidates=0 open=0 cash=100.00
PUMP_SCAN scans=406 candidates=0 open=0 cash=100.00
PUMP_SCAN scans=408 candidates=0 open=0 cash=100.00
PUMP_SCAN scans=411 candidates=0 open=0 cash=100.00
PUMP_SCAN scans=413 candidates=0 open=0 cash=100.00
PUMP_SCAN scans=416 candidates=0 open=0 cash=100.00
PUMP_SCAN scans=418 candidates=0 open=0 cash=100.00
PUMP_SCAN scans=421 candidates=0 open=0 cash=100.00
PUMP_SCAN scans=423 candidates=0 open=0 cash=100.00
PUMP_SCAN scans=426 candidates=0 open=0 cash=100.00
PUMP_SCAN scans=428 candidates=0 open=0 cash=100.00
PUMP_SCAN scans=431 candidates=0 open=0 cash=100.00
PUMP_SCAN scans=433 candidates=0 open=0 cash=100.00
PUMP_SCAN scans=436 candidates=0 open=0 cash=100.00
PUMP_SCAN scans=438 candidates=0 open=0 cash=100.00
PUMP_SCAN scans=441 candidates=0 open=0 cash=100.00
PUMP_SCAN scans=443 candidates=0 open=0 cash=100.00
PUMP_SCAN scans=446 candidates=0 open=0 cash=100.00
PUMP_SCAN scans=448 candidates=0 open=0 cash=100.00
PUMP_SCAN scans=451 candidates=0 open=0 cash=100.00
PUMP_SCAN scans=453 candidates=0 open=0 cash=100.00
PUMP_SCAN scans=456 candidates=0 open=0 cash=100.00
PUMP_SCAN scans=458 candidates=0 open=0 cash=100.00
PUMP_SCAN scans=461 candidates=0 open=0 cash=100.00
PUMP_SCAN scans=463 candidates=0 open=0 cash=100.00
PUMP_SCAN scans=466 candidates=0 open=0 cash=100.00
PUMP_SCAN scans=468 candidates=0 open=0 cash=100.00
PUMP_SCAN scans=471 candidates=0 open=0 cash=100.00
PUMP_SCAN scans=473 candidates=0 open=0 cash=100.00
PUMP_SCAN scans=476 candidates=0 open=0 cash=100.00
PUMP_SCAN scans=478 candidates=0 open=0 cash=100.00
PUMP_SCAN scans=481 candidates=0 open=0 cash=100.00
PUMP_SCAN scans=483 candidates=0 open=0 cash=100.00
PUMP_SCAN scans=486 candidates=0 open=0 cash=100.00
PUMP_SCAN scans=488 candidates=0 open=0 cash=100.00
PUMP_SCAN scans=491 candidates=0 open=0 cash=100.00
PUMP_SCAN scans=493 candidates=0 open=0 cash=100.00
PUMP_SCAN scans=496 candidates=0 open=0 cash=100.00
PUMP_SCAN scans=498 candidates=0 open=0 cash=100.00
PUMP_SCAN scans=501 candidates=0 open=0 cash=100.00
PUMP_SCAN scans=503 candidates=0 open=0 cash=100.00
PUMP_SCAN scans=506 candidates=0 open=0 cash=100.00
PUMP_SCAN scans=508 candidates=0 open=0 cash=100.00
PUMP_SCAN scans=511 candidates=0 open=0 cash=100.00
PUMP_SCAN scans=513 candidates=0 open=0 cash=100.00
PUMP_SCAN scans=516 candidates=0 open=0 cash=100.00
PUMP_SCAN scans=518 candidates=0 open=0 cash=100.00
PUMP_SCAN scans=521 candidates=0 open=0 cash=100.00
PUMP_SCAN scans=523 candidates=0 open=0 cash=100.00
PUMP_SCAN scans=526 candidates=0 open=0 cash=100.00
PUMP_SCAN scans=528 candidates=0 open=0 cash=100.00
PUMP_SCAN scans=531 candidates=0 open=0 cash=100.00
PUMP_SCAN scans=533 candidates=0 open=0 cash=100.00
PUMP_SCAN scans=536 candidates=0 open=0 cash=100.00
PUMP_SCAN scans=538 candidates=0 open=0 cash=100.00
PUMP_SCAN scans=541 candidates=0 open=0 cash=100.00
PUMP_SCAN scans=543 candidates=0 open=0 cash=100.00
PUMP_SCAN scans=546 candidates=0 open=0 cash=100.00
PUMP_SCAN scans=548 candidates=0 open=0 cash=100.00
PUMP_SCAN scans=551 candidates=0 open=0 cash=100.00
PUMP_SCAN scans=553 candidates=0 open=0 cash=100.00
PUMP_SCAN scans=556 candidates=0 open=0 cash=100.00
PUMP_SCAN scans=558 candidates=0 open=0 cash=100.00
PUMP_SCAN scans=561 candidates=0 open=0 cash=100.00
PUMP_SCAN scans=563 candidates=0 open=0 cash=100.00
PUMP_SCAN scans=566 candidates=0 open=0 cash=100.00
PUMP_SCAN scans=568 candidates=0 open=0 cash=100.00
PUMP_SCAN scans=571 candidates=0 open=0 cash=100.00
PUMP_SCAN scans=573 candidates=0 open=0 cash=100.00
PUMP_SCAN scans=576 candidates=0 open=0 cash=100.00
PUMP_SCAN scans=578 candidates=0 open=0 cash=100.00
PUMP_SCAN scans=581 candidates=0 open=0 cash=100.00
PUMP_SCAN scans=583 candidates=0 open=0 cash=100.00
PUMP_SCAN scans=586 candidates=0 open=0 cash=100.00
PUMP_SCAN scans=588 candidates=0 open=0 cash=100.00
PUMP_SCAN scans=591 candidates=0 open=0 cash=100.00
PUMP_SCAN scans=593 candidates=0 open=0 cash=100.00
PUMP_SCAN scans=596 candidates=0 open=0 cash=100.00
PUMP_SCAN scans=598 candidates=0 open=0 cash=100.00
PUMP_SCAN scans=601 candidates=0 open=0 cash=100.00
PUMP_SCAN scans=603 candidates=0 open=0 cash=100.00
PUMP_SCAN scans=606 candidates=0 open=0 cash=100.00
PUMP_SCAN scans=608 candidates=0 open=0 cash=100.00
PUMP_SCAN scans=611 candidates=0 open=0 cash=100.00
PUMP_SCAN scans=613 candidates=0 open=0 cash=100.00
PUMP_SCAN scans=616 candidates=0 open=0 cash=100.00
PUMP_SCAN scans=618 candidates=0 open=0 cash=100.00
PUMP_SCAN scans=621 candidates=0 open=0 cash=100.00
PUMP_SCAN scans=623 candidates=0 open=0 cash=100.00
PUMP_SCAN scans=626 candidates=0 open=0 cash=100.00
PUMP_SCAN scans=628 candidates=0 open=0 cash=100.00
PUMP_SCAN scans=631 candidates=0 open=0 cash=100.00
PUMP_SCAN scans=633 candidates=0 open=0 cash=100.00
PUMP_SCAN scans=636 candidates=0 open=0 cash=100.00
PUMP_SCAN scans=638 candidates=0 open=0 cash=100.00
PUMP_SCAN scans=641 candidates=0 open=0 cash=100.00
PUMP_SCAN scans=643 candidates=0 open=0 cash=100.00
PUMP_SCAN scans=646 candidates=0 open=0 cash=100.00
PUMP_SCAN scans=648 candidates=0 open=0 cash=100.00
PUMP_SCAN scans=651 candidates=0 open=0 cash=100.00
PUMP_SCAN scans=653 candidates=0 open=0 cash=100.00
PUMP_SCAN scans=656 candidates=0 open=0 cash=100.00
PUMP_SCAN scans=658 candidates=0 open=0 cash=100.00
PUMP_SCAN scans=661 candidates=0 open=0 cash=100.00
PUMP_SCAN scans=663 candidates=0 open=0 cash=100.00
PUMP_SCAN scans=666 candidates=0 open=0 cash=100.00
PUMP_SCAN scans=668 candidates=0 open=0 cash=100.00
PUMP_SCAN scans=671 candidates=0 open=0 cash=100.00
PUMP_SCAN scans=673 candidates=0 open=0 cash=100.00
PUMP_SCAN scans=676 candidates=0 open=0 cash=100.00
PUMP_SCAN scans=678 candidates=0 open=0 cash=100.00
PUMP_SCAN scans=681 candidates=0 open=0 cash=100.00
PUMP_SCAN scans=683 candidates=0 open=0 cash=100.00
PUMP_SCAN scans=686 candidates=0 open=0 cash=100.00
PUMP_SCAN scans=688 candidates=0 open=0 cash=100.00
PUMP_SCAN scans=691 candidates=0 open=0 cash=100.00
PUMP_SCAN scans=693 candidates=0 open=0 cash=100.00
PUMP_SCAN scans=696 candidates=0 open=0 cash=100.00
PUMP_SCAN scans=698 candidates=0 open=0 cash=100.00
PUMP_SCAN scans=701 candidates=0 open=0 cash=100.00
PUMP_SCAN scans=703 candidates=0 open=0 cash=100.00
PUMP_SCAN scans=706 candidates=0 open=0 cash=100.00
PUMP_SCAN scans=708 candidates=0 open=0 cash=100.00
PUMP_SCAN scans=711 candidates=0 open=0 cash=100.00
PUMP_SCAN scans=713 candidates=0 open=0 cash=100.00
PUMP_SCAN scans=716 candidates=0 open=0 cash=100.00
PUMP_SCAN scans=718 candidates=0 open=0 cash=100.00
PUMP_SCAN scans=721 candidates=0 open=0 cash=100.00
PUMP_SCAN scans=723 candidates=0 open=0 cash=100.00
PUMP_SCAN scans=726 candidates=0 open=0 cash=100.00
PUMP_SCAN scans=728 candidates=0 open=0 cash=100.00
PUMP_SCAN scans=731 candidates=0 open=0 cash=100.00
PUMP_SCAN scans=733 candidates=0 open=0 cash=100.00
PUMP_SCAN scans=736 candidates=0 open=0 cash=100.00
PUMP_SCAN scans=738 candidates=0 open=0 cash=100.00
PUMP_SCAN scans=741 candidates=0 open=0 cash=100.00
PUMP_SCAN scans=743 candidates=0 open=0 cash=100.00
PUMP_SCAN scans=746 candidates=0 open=0 cash=100.00
PUMP_SCAN scans=748 candidates=0 open=0 cash=100.00
PUMP_SCAN scans=751 candidates=0 open=0 cash=100.00
PUMP_SCAN scans=753 candidates=0 open=0 cash=100.00
PUMP_SCAN scans=756 candidates=0 open=0 cash=100.00
PUMP_SCAN scans=758 candidates=0 open=0 cash=100.00
PUMP_SCAN scans=761 candidates=0 open=0 cash=100.00
PUMP_SCAN scans=763 candidates=0 open=0 cash=100.00
PUMP_SCAN scans=766 candidates=0 open=0 cash=100.00
PUMP_SCAN scans=768 candidates=0 open=0 cash=100.00
PUMP_SCAN scans=771 candidates=0 open=0 cash=100.00
PUMP_SCAN scans=773 candidates=0 open=0 cash=100.00
PUMP_SCAN scans=776 candidates=0 open=0 cash=100.00
PUMP_SCAN scans=778 candidates=0 open=0 cash=100.00
PUMP_SCAN scans=781 candidates=0 open=0 cash=100.00
PUMP_SCAN scans=783 candidates=0 open=0 cash=100.00
PUMP_SCAN scans=786 candidates=0 open=0 cash=100.00
PUMP_SCAN scans=788 candidates=0 open=0 cash=100.00
PUMP_SCAN scans=791 candidates=0 open=0 cash=100.00
PUMP_SCAN scans=793 candidates=0 open=0 cash=100.00
PUMP_SCAN scans=796 candidates=0 open=0 cash=100.00
PUMP_SCAN scans=798 candidates=0 open=0 cash=100.00
PUMP_SCAN scans=801 candidates=0 open=0 cash=100.00
PUMP_SCAN scans=803 candidates=0 open=0 cash=100.00
PUMP_SCAN scans=806 candidates=0 open=0 cash=100.00
PUMP_SCAN scans=808 candidates=0 open=0 cash=100.00
PUMP_SCAN scans=811 candidates=0 open=0 cash=100.00
PUMP_SCAN scans=813 candidates=0 open=0 cash=100.00
PUMP_SCAN scans=816 candidates=0 open=0 cash=100.00
PUMP_SCAN scans=818 candidates=0 open=0 cash=100.00
PUMP_SCAN scans=821 candidates=0 open=0 cash=100.00
PUMP_SCAN scans=823 candidates=0 open=0 cash=100.00
PUMP_SCAN scans=826 candidates=0 open=0 cash=100.00
PUMP_SCAN scans=828 candidates=0 open=0 cash=100.00
PUMP_SCAN scans=831 candidates=0 open=0 cash=100.00
PUMP_SCAN scans=833 candidates=0 open=0 cash=100.00
PUMP_SCAN scans=836 candidates=0 open=0 cash=100.00
PUMP_SCAN scans=838 candidates=0 open=0 cash=100.00
PUMP_SCAN scans=841 candidates=0 open=0 cash=100.00
PUMP_SCAN scans=843 candidates=0 open=0 cash=100.00
PUMP_SCAN scans=846 candidates=0 open=0 cash=100.00
PUMP_SCAN scans=848 candidates=0 open=0 cash=100.00
PUMP_SCAN scans=851 candidates=0 open=0 cash=100.00
PUMP_SCAN scans=853 candidates=0 open=0 cash=100.00
PUMP_SCAN scans=856 candidates=0 open=0 cash=100.00
PUMP_SCAN scans=858 candidates=0 open=0 cash=100.00
PUMP_SCAN scans=861 candidates=0 open=0 cash=100.00
PUMP_SCAN scans=863 candidates=0 open=0 cash=100.00
PUMP_SCAN scans=866 candidates=0 open=0 cash=100.00
PUMP_SCAN scans=868 candidates=0 open=0 cash=100.00
PUMP_SCAN scans=871 candidates=0 open=0 cash=100.00
PUMP_SCAN scans=873 candidates=0 open=0 cash=100.00
PUMP_SCAN scans=876 candidates=0 open=0 cash=100.00
PUMP_SCAN scans=878 candidates=0 open=0 cash=100.00
PUMP_SCAN scans=881 candidates=0 open=0 cash=100.00
PUMP_SCAN scans=883 candidates=0 open=0 cash=100.00
PUMP_SCAN scans=886 candidates=0 open=0 cash=100.00
PUMP_SCAN scans=888 candidates=0 open=0 cash=100.00
PUMP_SCAN scans=891 candidates=0 open=0 cash=100.00
PUMP_SCAN scans=893 candidates=0 open=0 cash=100.00
PUMP_SCAN scans=896 candidates=0 open=0 cash=100.00
PUMP_SCAN scans=898 candidates=0 open=0 cash=100.00
PUMP_SCAN scans=901 candidates=0 open=0 cash=100.00
PUMP_SCAN scans=903 candidates=0 open=0 cash=100.00
PUMP_SCAN scans=906 candidates=0 open=0 cash=100.00
PUMP_SCAN scans=908 candidates=0 open=0 cash=100.00
PUMP_SCAN scans=911 candidates=0 open=0 cash=100.00
PUMP_SCAN scans=913 candidates=0 open=0 cash=100.00
PUMP_SCAN scans=916 candidates=0 open=0 cash=100.00
PUMP_SCAN scans=918 candidates=0 open=0 cash=100.00
PUMP_SCAN scans=921 candidates=0 open=0 cash=100.00
PUMP_SCAN scans=923 candidates=0 open=0 cash=100.00
PUMP_SCAN scans=926 candidates=0 open=0 cash=100.00
PUMP_SCAN scans=928 candidates=0 open=0 cash=100.00
PUMP_SCAN scans=931 candidates=0 open=0 cash=100.00
PUMP_SCAN scans=933 candidates=0 open=0 cash=100.00
PUMP_SCAN scans=936 candidates=0 open=0 cash=100.00
PUMP_SCAN scans=938 candidates=0 open=0 cash=100.00
PUMP_SCAN scans=941 candidates=0 open=0 cash=100.00
PUMP_SCAN scans=943 candidates=0 open=0 cash=100.00
PUMP_SCAN scans=946 candidates=0 open=0 cash=100.00
PUMP_SCAN scans=948 candidates=0 open=0 cash=100.00
PUMP_SCAN scans=951 candidates=0 open=0 cash=100.00
PUMP_SCAN scans=953 candidates=0 open=0 cash=100.00
PUMP_SCAN scans=956 candidates=0 open=0 cash=100.00
PUMP_SCAN scans=958 candidates=0 open=0 cash=100.00
PUMP_SCAN scans=961 candidates=0 open=0 cash=100.00
PUMP_SCAN scans=963 candidates=0 open=0 cash=100.00
PUMP_SCAN scans=966 candidates=0 open=0 cash=100.00
PUMP_SCAN scans=968 candidates=0 open=0 cash=100.00
PUMP_SCAN scans=971 candidates=0 open=0 cash=100.00
PUMP_SCAN scans=973 candidates=0 open=0 cash=100.00
PUMP_SCAN scans=976 candidates=0 open=0 cash=100.00
PUMP_SCAN scans=978 candidates=0 open=0 cash=100.00
PUMP_SCAN scans=981 candidates=0 open=0 cash=100.00
PUMP_SCAN scans=983 candidates=0 open=0 cash=100.00
PUMP_SCAN scans=986 candidates=0 open=0 cash=100.00
PUMP_SCAN scans=988 candidates=0 open=0 cash=100.00
PUMP_SCAN scans=991 candidates=0 open=0 cash=100.00
PUMP_SCAN scans=993 candidates=0 open=0 cash=100.00
PUMP_SCAN scans=996 candidates=0 open=0 cash=100.00
PUMP_SCAN scans=998 candidates=0 open=0 cash=100.00
PUMP_SCAN scans=1001 candidates=0 open=0 cash=100.00
PUMP_SCAN scans=1003 candidates=0 open=0 cash=100.00
PUMP_SCAN scans=1006 candidates=0 open=0 cash=100.00
PUMP_SCAN scans=1008 candidates=0 open=0 cash=100.00
PUMP_SCAN scans=1011 candidates=0 open=0 cash=100.00
PUMP_SCAN scans=1013 candidates=0 open=0 cash=100.00
PUMP_SCAN scans=1016 candidates=0 open=0 cash=100.00
PUMP_SCAN scans=1018 candidates=0 open=0 cash=100.00
PUMP_SCAN scans=1021 candidates=0 open=0 cash=100.00
PUMP_SCAN scans=1023 candidates=0 open=0 cash=100.00
PUMP_SCAN scans=1026 candidates=0 open=0 cash=100.00
PUMP_SCAN scans=1028 candidates=0 open=0 cash=100.00
PUMP_SCAN scans=1031 candidates=0 open=0 cash=100.00
PUMP_SCAN scans=1033 candidates=0 open=0 cash=100.00
PUMP_SCAN scans=1036 candidates=0 open=0 cash=100.00
PUMP_SCAN scans=1038 candidates=0 open=0 cash=100.00
PUMP_SCAN scans=1041 candidates=0 open=0 cash=100.00
PUMP_SCAN scans=1043 candidates=0 open=0 cash=100.00
PUMP_SCAN scans=1046 candidates=0 open=0 cash=100.00
PUMP_SCAN scans=1048 candidates=0 open=0 cash=100.00
PUMP_SCAN scans=1051 candidates=0 open=0 cash=100.00
PUMP_SCAN scans=1053 candidates=0 open=0 cash=100.00
PUMP_SCAN scans=1056 candidates=0 open=0 cash=100.00
PUMP_SCAN scans=1058 candidates=0 open=0 cash=100.00
PUMP_SCAN scans=1061 candidates=0 open=0 cash=100.00
PUMP_SCAN scans=1063 candidates=0 open=0 cash=100.00
PUMP_SCAN scans=1066 candidates=0 open=0 cash=100.00
PUMP_SCAN scans=1068 candidates=0 open=0 cash=100.00
PUMP_SCAN scans=1071 candidates=0 open=0 cash=100.00
PUMP_SCAN scans=1073 candidates=0 open=0 cash=100.00
PUMP_SCAN scans=1076 candidates=0 open=0 cash=100.00
PUMP_SCAN scans=1078 candidates=0 open=0 cash=100.00
PUMP_SCAN scans=1081 candidates=0 open=0 cash=100.00
PUMP_SCAN scans=1083 candidates=0 open=0 cash=100.00
PUMP_SCAN scans=1086 candidates=0 open=0 cash=100.00
PUMP_SCAN scans=1088 candidates=0 open=0 cash=100.00
PUMP_SCAN scans=1091 candidates=0 open=0 cash=100.00
PUMP_SCAN scans=1093 candidates=0 open=0 cash=100.00
PUMP_SCAN scans=1096 candidates=0 open=0 cash=100.00
PUMP_SCAN scans=1098 candidates=0 open=0 cash=100.00
PUMP_SCAN scans=1101 candidates=0 open=0 cash=100.00
PUMP_SCAN scans=1103 candidates=0 open=0 cash=100.00
PUMP_SCAN scans=1106 candidates=0 open=0 cash=100.00
PUMP_SCAN scans=1108 candidates=0 open=0 cash=100.00
PUMP_SCAN scans=1111 candidates=0 open=0 cash=100.00
PUMP_SCAN scans=1113 candidates=0 open=0 cash=100.00
PUMP_SCAN scans=1116 candidates=0 open=0 cash=100.00
PUMP_SCAN scans=1118 candidates=0 open=0 cash=100.00
PUMP_SCAN scans=1121 candidates=0 open=0 cash=100.00
PUMP_SCAN scans=1123 candidates=0 open=0 cash=100.00
PUMP_SCAN scans=1126 candidates=0 open=0 cash=100.00
PUMP_SCAN scans=1128 candidates=0 open=0 cash=100.00
PUMP_SCAN scans=1131 candidates=0 open=0 cash=100.00
PUMP_SCAN scans=1133 candidates=0 open=0 cash=100.00
PUMP_SCAN scans=1136 candidates=0 open=0 cash=100.00
PUMP_SCAN scans=1138 candidates=0 open=0 cash=100.00
PUMP_SCAN scans=1141 candidates=0 open=0 cash=100.00
PUMP_SCAN scans=1143 candidates=0 open=0 cash=100.00
PUMP_SCAN scans=1146 candidates=0 open=0 cash=100.00
PUMP_SCAN scans=1148 candidates=0 open=0 cash=100.00
PUMP_SCAN scans=1151 candidates=0 open=0 cash=100.00
PUMP_SCAN scans=1153 candidates=0 open=0 cash=100.00
PUMP_SCAN scans=1156 candidates=0 open=0 cash=100.00
PUMP_SCAN scans=1158 candidates=0 open=0 cash=100.00
PUMP_SCAN scans=1161 candidates=0 open=0 cash=100.00
PUMP_SCAN scans=1163 candidates=0 open=0 cash=100.00
PUMP_SCAN scans=1166 candidates=0 open=0 cash=100.00
PUMP_SCAN scans=1168 candidates=0 open=0 cash=100.00
PUMP_SCAN scans=1171 candidates=0 open=0 cash=100.00
PUMP_SCAN scans=1173 candidates=0 open=0 cash=100.00
PUMP_SCAN scans=1176 candidates=0 open=0 cash=100.00
PUMP_SCAN scans=1178 candidates=0 open=0 cash=100.00
PUMP_SCAN scans=1181 candidates=0 open=0 cash=100.00
PUMP_SCAN scans=1183 candidates=0 open=0 cash=100.00
{
  "strategy": "pump_fun_pre_graduation_to_dex",
  "mode": "PAPER_ONLY",
  "duration_minutes": 240.0,
  "entries": 0,
  "exits": 0,
  "open_positions": 0,
  "max_multiple": null,
  "cash_usd": 100.0,
  "discovered_unique_mints": 0,
  "graduations_seen": 0,
  "dex_quotes_seen": 0,
  "scans": 1184,
  "api_errors": 0,
  "live_money_execution": false
}
